C:\Users\jrbar\rexglue-sdk native-render\artifacts\shaders\hlsl\2FB4A46E1EA8D289.ps.hlsl:596:81: error: use of undeclared identifier 'g_ShadowAtlasTexelScale'
        float4 c254 = asfloat(uint4(0xB9000000, 0x39400000, 0xB9C00000, 0xB8800000)) * g_ShadowAtlasTexelScale;
                                                                                       ^
C:\Users\jrbar\rexglue-sdk native-render\artifacts\shaders\hlsl\2FB4A46E1EA8D289.ps.hlsl:597:81: error: use of undeclared identifier 'g_ShadowAtlasTexelScale'
        float4 c255 = asfloat(uint4(0x39C00000, 0x38800000, 0x39000000, 0xB9400000)) * g_ShadowAtlasTexelScale;
                                                                                       ^
C:\Users\jrbar\rexglue-sdk native-render\artifacts\shaders\hlsl\2FB4A46E1EA8D289.ps.hlsl:599:15: error: use of undeclared identifier 'g_ShadowSoftness'
        [branch] if (g_ShadowSoftness > 0.0)
                     ^
C:\Users\jrbar\rexglue-sdk native-render\artifacts\shaders\hlsl\2FB4A46E1EA8D289.ps.hlsl:602:63: error: use of undeclared identifier 'g_ShadowSoftness'
                float2 conanCS = float2(cos(conanAngle), sin(conanAngle)) * g_ShadowSoftness;
                                                                            ^
C:\Users\jrbar\rexglue-sdk native-render\artifacts\shaders\hlsl\2FB4A46E1EA8D289.ps.hlsl:614:21: error: use of undeclared identifier 'g_PixelPosScale'
                float4((iPos.xy * g_PixelPosScale - 0.5) * float2(iFace ? 1.0 : -1.0, 1.0), 0.0, 0.0);
                                  ^
C:\Users\jrbar\rexglue-sdk native-render\artifacts\shaders\hlsl\2FB4A46E1EA8D289.ps.hlsl:1531:10: warning: implicit truncation of vector type [-Wconversion]
        oC0.xyz = max(r0.xyzz, r0.xyzz);
                ^
C:\Users\jrbar\rexglue-sdk native-render\artifacts\shaders\hlsl\2FB4A46E1EA8D289.ps.hlsl:1533:197: error: use of undeclared identifier 'g_SoftParticleTexelScale'
        [branch] if (g_SpecConstants() & (SPEC_CONSTANT_SOFT_PARTICLE_RGBA | SPEC_CONSTANT_SOFT_PARTICLE_ALPHA))        {               float conanSceneZ = g_Texture2DDescriptorHeap[g_SoftParticleDepth].Load(int3(iPos.xy * g_SoftParticleTexelScale, 0)).x;
                                                                                                                                                                                                                               ^
C:\Users\jrbar\rexglue-sdk native-render\artifacts\shaders\hlsl\2FB4A46E1EA8D289.ps.hlsl:1533:156: error: use of undeclared identifier 'g_SoftParticleDepth'
        [branch] if (g_SpecConstants() & (SPEC_CONSTANT_SOFT_PARTICLE_RGBA | SPEC_CONSTANT_SOFT_PARTICLE_ALPHA))        {               float conanSceneZ = g_Texture2DDescriptorHeap[g_SoftParticleDepth].Load(int3(iPos.xy * g_SoftParticleTexelScale, 0)).x;
                                                                                                                                                                                      ^
C:\Users\jrbar\rexglue-sdk native-render\artifacts\shaders\hlsl\2FB4A46E1EA8D289.ps.hlsl:1534:49: error: use of undeclared identifier 'g_SoftParticleW'
                float conanFade = saturate((rcp(conanSceneZ * g_SoftParticleW.x + g_SoftParticleW.y) - rcp(iPos.z * g_SoftParticleW.x + g_SoftParticleW.y)) / g_SoftParticleDistance);
                                                              ^
C:\Users\jrbar\rexglue-sdk native-render\artifacts\shaders\hlsl\2FB4A46E1EA8D289.ps.hlsl:1534:69: error: use of undeclared identifier 'g_SoftParticleW'
                float conanFade = saturate((rcp(conanSceneZ * g_SoftParticleW.x + g_SoftParticleW.y) - rcp(iPos.z * g_SoftParticleW.x + g_SoftParticleW.y)) / g_SoftParticleDistance);
                                                                                  ^
C:\Users\jrbar\rexglue-sdk native-render\artifacts\shaders\hlsl\2FB4A46E1EA8D289.ps.hlsl:1534:103: error: use of undeclared identifier 'g_SoftParticleW'
                float conanFade = saturate((rcp(conanSceneZ * g_SoftParticleW.x + g_SoftParticleW.y) - rcp(iPos.z * g_SoftParticleW.x + g_SoftParticleW.y)) / g_SoftParticleDistance);
                                                                                                                    ^
C:\Users\jrbar\rexglue-sdk native-render\artifacts\shaders\hlsl\2FB4A46E1EA8D289.ps.hlsl:1534:123: error: use of undeclared identifier 'g_SoftParticleW'
                float conanFade = saturate((rcp(conanSceneZ * g_SoftParticleW.x + g_SoftParticleW.y) - rcp(iPos.z * g_SoftParticleW.x + g_SoftParticleW.y)) / g_SoftParticleDistance);
                                                                                                                                        ^
C:\Users\jrbar\rexglue-sdk native-render\artifacts\shaders\hlsl\2FB4A46E1EA8D289.ps.hlsl:1534:145: error: use of undeclared identifier 'g_SoftParticleDistance'
                float conanFade = saturate((rcp(conanSceneZ * g_SoftParticleW.x + g_SoftParticleW.y) - rcp(iPos.z * g_SoftParticleW.x + g_SoftParticleW.y)) / g_SoftParticleDistance);
                                                                                                                                                              ^

