C:\Users\jrbar\rexglue-sdk native-render\artifacts\shaders\hlsl\3B6BA5E9ECD88B06.ps.hlsl:538:10: warning: implicit truncation of vector type [-Wconversion]
        oC0.xyz = max(r0.xyzz, c255.xxxx);
                ^
C:\Users\jrbar\rexglue-sdk native-render\artifacts\shaders\hlsl\3B6BA5E9ECD88B06.ps.hlsl:540:197: error: use of undeclared identifier 'g_SoftParticleTexelScale'
        [branch] if (g_SpecConstants() & (SPEC_CONSTANT_SOFT_PARTICLE_RGBA | SPEC_CONSTANT_SOFT_PARTICLE_ALPHA))        {               float conanSceneZ = g_Texture2DDescriptorHeap[g_SoftParticleDepth].Load(int3(iPos.xy * g_SoftParticleTexelScale, 0)).x;
                                                                                                                                                                                                                               ^
C:\Users\jrbar\rexglue-sdk native-render\artifacts\shaders\hlsl\3B6BA5E9ECD88B06.ps.hlsl:540:156: error: use of undeclared identifier 'g_SoftParticleDepth'
        [branch] if (g_SpecConstants() & (SPEC_CONSTANT_SOFT_PARTICLE_RGBA | SPEC_CONSTANT_SOFT_PARTICLE_ALPHA))        {               float conanSceneZ = g_Texture2DDescriptorHeap[g_SoftParticleDepth].Load(int3(iPos.xy * g_SoftParticleTexelScale, 0)).x;
                                                                                                                                                                                      ^
C:\Users\jrbar\rexglue-sdk native-render\artifacts\shaders\hlsl\3B6BA5E9ECD88B06.ps.hlsl:541:49: error: use of undeclared identifier 'g_SoftParticleW'
                float conanFade = saturate((rcp(conanSceneZ * g_SoftParticleW.x + g_SoftParticleW.y) - rcp(iPos.z * g_SoftParticleW.x + g_SoftParticleW.y)) / g_SoftParticleDistance);
                                                              ^
C:\Users\jrbar\rexglue-sdk native-render\artifacts\shaders\hlsl\3B6BA5E9ECD88B06.ps.hlsl:541:69: error: use of undeclared identifier 'g_SoftParticleW'
                float conanFade = saturate((rcp(conanSceneZ * g_SoftParticleW.x + g_SoftParticleW.y) - rcp(iPos.z * g_SoftParticleW.x + g_SoftParticleW.y)) / g_SoftParticleDistance);
                                                                                  ^
C:\Users\jrbar\rexglue-sdk native-render\artifacts\shaders\hlsl\3B6BA5E9ECD88B06.ps.hlsl:541:103: error: use of undeclared identifier 'g_SoftParticleW'
                float conanFade = saturate((rcp(conanSceneZ * g_SoftParticleW.x + g_SoftParticleW.y) - rcp(iPos.z * g_SoftParticleW.x + g_SoftParticleW.y)) / g_SoftParticleDistance);
                                                                                                                    ^
C:\Users\jrbar\rexglue-sdk native-render\artifacts\shaders\hlsl\3B6BA5E9ECD88B06.ps.hlsl:541:123: error: use of undeclared identifier 'g_SoftParticleW'
                float conanFade = saturate((rcp(conanSceneZ * g_SoftParticleW.x + g_SoftParticleW.y) - rcp(iPos.z * g_SoftParticleW.x + g_SoftParticleW.y)) / g_SoftParticleDistance);
                                                                                                                                        ^
C:\Users\jrbar\rexglue-sdk native-render\artifacts\shaders\hlsl\3B6BA5E9ECD88B06.ps.hlsl:541:145: error: use of undeclared identifier 'g_SoftParticleDistance'
                float conanFade = saturate((rcp(conanSceneZ * g_SoftParticleW.x + g_SoftParticleW.y) - rcp(iPos.z * g_SoftParticleW.x + g_SoftParticleW.y)) / g_SoftParticleDistance);
                                                                                                                                                              ^

