C:\Users\jrbar\rexglue-sdk native-render\artifacts\shaders\hlsl\A9714BBBD638A3EB.ps.hlsl:587:203: error: use of undeclared identifier 'g_SoftParticleTexelScale'
                        [branch] if (g_SpecConstants() & (SPEC_CONSTANT_SOFT_PARTICLE_RGBA | SPEC_CONSTANT_SOFT_PARTICLE_ALPHA))                        {                               float conanSceneZ = g_Texture2DDescriptorHeap[g_SoftParticleDepth].Load(int3(iPos.xy * g_SoftParticleTexelScale, 0)).x;
                                                                                                                                                                                                                                                                               ^
C:\Users\jrbar\rexglue-sdk native-render\artifacts\shaders\hlsl\A9714BBBD638A3EB.ps.hlsl:587:162: error: use of undeclared identifier 'g_SoftParticleDepth'
                        [branch] if (g_SpecConstants() & (SPEC_CONSTANT_SOFT_PARTICLE_RGBA | SPEC_CONSTANT_SOFT_PARTICLE_ALPHA))                        {                               float conanSceneZ = g_Texture2DDescriptorHeap[g_SoftParticleDepth].Load(int3(iPos.xy * g_SoftParticleTexelScale, 0)).x;
                                                                                                                                                                                                                                      ^
C:\Users\jrbar\rexglue-sdk native-render\artifacts\shaders\hlsl\A9714BBBD638A3EB.ps.hlsl:588:51: error: use of undeclared identifier 'g_SoftParticleW'
                                float conanFade = saturate((rcp(conanSceneZ * g_SoftParticleW.x + g_SoftParticleW.y) - rcp(iPos.z * g_SoftParticleW.x + g_SoftParticleW.y)) / g_SoftParticleDistance);
                                                                              ^
C:\Users\jrbar\rexglue-sdk native-render\artifacts\shaders\hlsl\A9714BBBD638A3EB.ps.hlsl:588:71: error: use of undeclared identifier 'g_SoftParticleW'
                                float conanFade = saturate((rcp(conanSceneZ * g_SoftParticleW.x + g_SoftParticleW.y) - rcp(iPos.z * g_SoftParticleW.x + g_SoftParticleW.y)) / g_SoftParticleDistance);
                                                                                                  ^
C:\Users\jrbar\rexglue-sdk native-render\artifacts\shaders\hlsl\A9714BBBD638A3EB.ps.hlsl:588:105: error: use of undeclared identifier 'g_SoftParticleW'
                                float conanFade = saturate((rcp(conanSceneZ * g_SoftParticleW.x + g_SoftParticleW.y) - rcp(iPos.z * g_SoftParticleW.x + g_SoftParticleW.y)) / g_SoftParticleDistance);
                                                                                                                                    ^
C:\Users\jrbar\rexglue-sdk native-render\artifacts\shaders\hlsl\A9714BBBD638A3EB.ps.hlsl:588:125: error: use of undeclared identifier 'g_SoftParticleW'
                                float conanFade = saturate((rcp(conanSceneZ * g_SoftParticleW.x + g_SoftParticleW.y) - rcp(iPos.z * g_SoftParticleW.x + g_SoftParticleW.y)) / g_SoftParticleDistance);
                                                                                                                                                        ^
C:\Users\jrbar\rexglue-sdk native-render\artifacts\shaders\hlsl\A9714BBBD638A3EB.ps.hlsl:588:147: error: use of undeclared identifier 'g_SoftParticleDistance'
                                float conanFade = saturate((rcp(conanSceneZ * g_SoftParticleW.x + g_SoftParticleW.y) - rcp(iPos.z * g_SoftParticleW.x + g_SoftParticleW.y)) / g_SoftParticleDistance);
                                                                                                                                                                              ^

